// Jest Snapshot v1, https://goo.gl/fbAQLP

exports[`when validating integer property matches common decimal should have no validation failures: when validating integer property matches common decimal -> message 1`] = `"integer EntityName has the same name as a Common Decimal."`;

exports[`when validating integer property matches common decimal should have no validation failures: when validating integer property matches common decimal -> sourceMap 1`] = `
Object {
  "column": 12,
  "line": 10,
  "tokenText": "EntityName",
}
`;
