// Jest Snapshot v1, https://goo.gl/fbAQLP

exports[`when validating integer property matches shared string should have no validation failures 1`] = `"integer EntityName has the same name as a Shared String."`;

exports[`when validating integer property matches shared string should have no validation failures 2`] = `
Object {
  "column": 12,
  "line": 8,
  "tokenText": "EntityName",
}
`;
