// Jest Snapshot v1, https://goo.gl/fbAQLP

exports[`when referring to invalid namespace should have validation failure 1`] = `"Xyz is a not a valid project namespace."`;

exports[`when referring to invalid namespace should have validation failure 2`] = `
Object {
  "column": 18,
  "line": 14,
  "tokenText": "Xyz",
}
`;
