// Jest Snapshot v1, https://jestjs.io/docs/snapshot-testing

exports[`when association subclass renames base identity more than once should have validation failures: when association subclass renames base identity more than once should have validation failure -> message 1`] = `"Association Subclass SubclassName based on EntityName tries to rename properties PropertyName3, PropertyName4. Only one identity rename is allowed for a given Association Subclass."`;

exports[`when association subclass renames base identity more than once should have validation failures: when association subclass renames base identity more than once should have validation failure -> message 2`] = `"Association Subclass SubclassName based on EntityName tries to rename properties PropertyName3, PropertyName4. Only one identity rename is allowed for a given Association Subclass."`;

exports[`when association subclass renames base identity more than once should have validation failures: when association subclass renames base identity more than once should have validation failure -> sourceMap 1`] = `
Object {
  "column": 32,
  "line": 27,
  "tokenText": "PropertyName3",
}
`;

exports[`when association subclass renames base identity more than once should have validation failures: when association subclass renames base identity more than once should have validation failure -> sourceMap 2`] = `
Object {
  "column": 32,
  "line": 32,
  "tokenText": "PropertyName4",
}
`;
