// Jest Snapshot v1, https://goo.gl/fbAQLP

exports[`when validating domain entity with two UniqueId fields should have validation failure 1`] = `"Domain Entity EntityName has multiple properties with a property name of 'UniqueId'.  Only one column in a core domain entity can be named 'UniqueId'."`;

exports[`when validating domain entity with two UniqueId fields should have validation failure 2`] = `
Object {
  "column": 16,
  "line": 2,
  "tokenText": "EntityName",
}
`;
