// Jest Snapshot v1, https://goo.gl/fbAQLP

exports[`when validating domain entity with no identity fields should have validation failure 1`] = `"Domain Entity EntityName does not have an identity specified."`;

exports[`when validating domain entity with no identity fields should have validation failure 2`] = `
Object {
  "column": 16,
  "line": 2,
  "tokenText": "EntityName",
}
`;
