// Jest Snapshot v1, https://goo.gl/fbAQLP

exports[`when enumeration property has invalid identifier should have validation failures 1`] = `"Enumeration property PropertyName2 does not match any declared enumeration."`;

exports[`when enumeration property has invalid identifier should have validation failures 2`] = `
Object {
  "column": 16,
  "line": 10,
  "tokenText": "PropertyName2",
}
`;
