// Jest Snapshot v1, https://goo.gl/fbAQLP

exports[`when validating decimal property matches common integer -> message 1`] = `"decimal DecimalProperty has the same name as a Common Integer."`;

exports[`when validating decimal property matches common integer -> sourceMap 1`] = `
Object {
  "column": 12,
  "line": 8,
  "tokenText": "DecimalProperty",
}
`;
