// Jest Snapshot v1, https://goo.gl/fbAQLP

exports[`when validating decimal property matches common decimal -> message 1`] = `"decimal DecimalProperty has the same name as a Common Decimal."`;

exports[`when validating decimal property matches common decimal -> sourceMap 1`] = `
Object {
  "column": 12,
  "line": 10,
  "tokenText": "DecimalProperty",
}
`;
