// Jest Snapshot v1, https://goo.gl/fbAQLP

exports[`when validating association domain item does not match top level entity should have one validation failure() 1`] = `"Association Domain Item property 'AssociationDomainItemName' does not match any declared Association or Association Subclass in namespace EdFi."`;

exports[`when validating association domain item does not match top level entity should have one validation failure() 2`] = `
Object {
  "column": 16,
  "line": 5,
  "tokenText": "AssociationDomainItemName",
}
`;
