// Jest Snapshot v1, https://goo.gl/fbAQLP

exports[`when validating descriptor domain item does not match top level entity should have one validation failure() 1`] = `"Descriptor Domain Item property 'DescriptorDomainItemName' does not match any declared Descriptor in namespace EdFi."`;

exports[`when validating descriptor domain item does not match top level entity should have one validation failure() 2`] = `
Object {
  "column": 15,
  "line": 5,
  "tokenText": "DescriptorDomainItemName",
}
`;
