// Jest Snapshot v1, https://goo.gl/fbAQLP

exports[`when validating domain entity domain item duplicates domain items should have one validation failure: when domain entity domain item has duplicate should have validation failure -> message 1`] = `"Domain Entity Domain Item 'DomainEntityName' has a duplicate Domain Item."`;

exports[`when validating domain entity domain item duplicates domain items should have one validation failure: when domain entity domain item has duplicate should have validation failure -> sourceMap 1`] = `undefined`;

exports[`when validating domain entity domain item has multiple duplicate domain items should have multiple validation failures: when domain entity domain item has duplicate should have validation failure -> message 1`] = `"Domain Entity Domain Item 'DomainEntityName' has a duplicate Domain Item."`;

exports[`when validating domain entity domain item has multiple duplicate domain items should have multiple validation failures: when domain entity domain item has duplicate should have validation failure -> message 2`] = `"Domain Entity Domain Item 'DomainEntityName2' has a duplicate Domain Item."`;

exports[`when validating domain entity domain item has multiple duplicate domain items should have multiple validation failures: when domain entity domain item has duplicate should have validation failure -> sourceMap 1`] = `undefined`;

exports[`when validating domain entity domain item has multiple duplicate domain items should have multiple validation failures: when domain entity domain item has duplicate should have validation failure -> sourceMap 2`] = `undefined`;
