// Jest Snapshot v1, https://goo.gl/fbAQLP

exports[`when validating domain entity domain item does not match top level entity should have one validation failure() 1`] = `"Domain Entity Domain Item property 'DomainEntityDomainItemName' does not match any declared Domain Entity or Domain Entity Subclass."`;

exports[`when validating domain entity domain item does not match top level entity should have one validation failure() 2`] = `
Object {
  "column": 4,
  "line": 5,
  "tokenText": "domain entity",
}
`;
