// Jest Snapshot v1, https://goo.gl/fbAQLP

exports[`when a domain entity subclass subclasses the Assessment domain entity should have validation failures: when a domain entity subclass subclasses the Assessment domain entity should have validation failure -> message 1`] = `"[ODS-1324] Domain Entity Subclass SubclassName is an Assessment subclass.  Assessment subclasses are currently unsupported by the ODS/API."`;

exports[`when a domain entity subclass subclasses the Assessment domain entity should have validation failures: when a domain entity subclass subclasses the Assessment domain entity should have validation failure -> sourceMap 1`] = `
Object {
  "column": 0,
  "line": 0,
  "tokenText": "NoSourceMap",
}
`;
